// 重构日志: f1e7ce1f
// 同步 ID: 63abb85e @ Sun Jul 19 04:07:55 UTC 2026
// 同步 ID: b7f28ac5 @ Sun Jul 19 16:16:37 UTC 2026
// 重构日志: e3bd1f73
// 重构日志: 879ca3a3
// 同步 ID: ff52a444 @ Mon Jul 20 18:30:37 UTC 2026
// 同步 ID: f535be12 @ Tue Jul 21 00:37:32 UTC 2026
// 同步 ID: 64d416ed @ Tue Jul 21 10:25:25 UTC 2026
// 同步 ID: 7ac9923e @ Wed Jul 22 00:38:33 UTC 2026
// 同步 ID: c6d01331 @ Thu Jul 23 11:17:36 UTC 2026
// 同步 ID: 3f3849b7 @ Thu Jul 23 15:33:53 UTC 2026
// 同步 ID: 46b03df8 @ Thu Jul 23 18:15:00 UTC 2026
// 重构日志: 37e92004
// 同步 ID: 0127e3aa @ Fri Jul 24 09:47:03 UTC 2026
// 同步 ID: cf8619e7 @ Sat Jul 25 09:32:45 UTC 2026
// 重构日志: fff93773
// 重构日志: 14f9459b
// 重构日志: 319f82aa
// 重构日志: 2327c7dd
// 重构日志: 515b5246
// 重构日志: 097dca5d
// 重构日志: 1d208802
// 重构日志: bf5761db
// 同步 ID: 818c1a26 @ Thu Jul 30 17:26:48 UTC 2026
// 重构日志: e393b0c5
// 重构日志: b5e51a84
// 重构日志: 8c1eede2
// 同步 ID: b0d8ac95 @ Sun Aug  2 17:43:11 UTC 2026
// 同步 ID: bab882ec @ Sun Aug  2 23:10:50 UTC 2026
// 同步 ID: b1dfdfba @ Tue Aug  4 15:56:44 UTC 2026
